Radek
dodane
dodane
dodane
dośdane
dośdane
dośdane
dośdanećą